00:31:26 **** Incremental Build of configuration Debug for project Stm32_timer2 ****
make -j8 all 
arm-none-eabi-gcc "../Core/Src/main.c" -mcpu=cortex-m4 -std=gnu11 -g3 -DDEBUG -DUSE_HAL_DRIVER -DSTM32F407xx -c -I../Core/Inc -I../Drivers/STM32F4xx_HAL_Driver/Inc -I../Drivers/STM32F4xx_HAL_Driver/Inc/Legacy -I../Drivers/CMSIS/Device/ST/STM32F4xx/Include -I../Drivers/CMSIS/Include -O0 -ffunction-sections -fdata-sections -Wall -fstack-usage -fcyclomatic-complexity -MMD -MP -MF"Core/Src/main.d" -MT"Core/Src/main.o" --specs=nano.specs -mfpu=fpv4-sp-d16 -mfloat-abi=hard -mthumb -o "Core/Src/main.o"
arm-none-eabi-gcc -o "Stm32_timer2.elf" @"objects.list"   -mcpu=cortex-m4 -T"F:\5 eme annee\PFE\TowardsTHE_Sky\Control Algo\Stm32_first hand\Stm32_The_Hard_Way\Stm32_timer2\STM32F407VETX_FLASH.ld" --specs=nosys.specs -Wl,-Map="Stm32_timer2.map" -Wl,--gc-sections -static --specs=nano.specs -mfpu=fpv4-sp-d16 -mfloat-abi=hard -mthumb -Wl,--start-group -lc -lm -Wl,--end-group
Finished building target: Stm32_timer2.elf
 
arm-none-eabi-size  Stm32_timer2.elf 
arm-none-eabi-objdump -h -S Stm32_timer2.elf  > "Stm32_timer2.list"
   text	   data	    bss	    dec	    hex	filename
   9848	     12	   1716	  11576	   2d38	Stm32_timer2.elf
Finished building: default.size.stdout
 
Finished building: Stm32_timer2.list
 

00:31:28 Build Finished. 0 errors, 0 warnings. (took 2s.88ms)

